// Jest Snapshot v1, https://goo.gl/fbAQLP

exports[`Profile matches snapshot 1`] = `
<div>
  <h2>
    Web Developer
  </h2>
  <div
    class="skills"
  >
    <div
      class="skills-left"
    >
      <span
        class="skill"
      >
        JavaScript
      </span>
      <span
        class="skill"
      >
        jQuery
      </span>
      <span
        class="skill"
      >
        HTML
      </span>
      <span
        class="skill"
      >
        CSS/SCSS
      </span>
      <span
        class="skill"
      >
        Git
      </span>
      <span
        class="skill"
      >
        React
      </span>
      <span
        class="skill"
      >
        Router
      </span>
      <span
        class="skill"
      >
        Redux
      </span>
      <a
        class="platform-icon align-right"
        href="https://github.com/hmmChase"
      >
        <i
          class="fa-undefined"
        />
      </a>
    </div>
    <hr
      class="split"
    />
    <div
      class="skills-right"
    >
      <span
        class="skill"
      >
        NextJS
      </span>
      <span
        class="skill"
      >
        NodeJS
      </span>
      <span
        class="skill"
      >
        Express
      </span>
      <span
        class="skill"
      >
        GraphQL
      </span>
      <span
        class="skill"
      >
        Postgres
      </span>
      <span
        class="skill"
      >
        Jest
      </span>
      <span
        class="skill"
      >
        Mocha/Chai
      </span>
      <span
        class="skill"
      >
        Enzyme/RTL
      </span>
      <a
        class="platform-icon"
        href="https://www.linkedin.com/in/chase-r/"
      >
        <i
          class="fa-undefined"
        />
      </a>
    </div>
  </div>
</div>
`;
