// Jest Snapshot v1, https://goo.gl/fbAQLP

exports[`matches snapshot 1`] = `
<DocumentFragment>
  <div>
    <h2>
      Web Developer
    </h2>
    <div
      class="skills"
    >
      <div
        class="skills-left"
      >
        <span
          class="skill"
        >
          JavaScript
        </span>
        <span
          class="skill"
        >
          jQuery
        </span>
        <span
          class="skill"
        >
          HTML
        </span>
        <span
          class="skill"
        >
          CSS/SCSS
        </span>
        <span
          class="skill"
        >
          Git
        </span>
        <span
          class="skill"
        >
          React
        </span>
        <span
          class="skill"
        >
          Router
        </span>
        <span
          class="skill"
        >
          Redux
        </span>
        <a
          class="platform-icon"
          href="https://github.com/hmmChase"
        />
      </div>
      <hr
        class="split"
      />
      <div
        class="skills-right"
      >
        <span
          class="skill"
        >
          NextJS
        </span>
        <span
          class="skill"
        >
          Express
        </span>
        <span
          class="skill"
        >
          GraphQL
        </span>
        <span
          class="skill"
        >
          Postgres
        </span>
        <span
          class="skill"
        >
          Mocha
        </span>
        <span
          class="skill"
        >
          Chai
        </span>
        <span
          class="skill"
        >
          Jest
        </span>
        <span
          class="skill"
        >
          Enzyme
        </span>
        <a
          class="platform-icon"
          href="https://www.linkedin.com/in/chase-r/"
        />
      </div>
    </div>
  </div>
</DocumentFragment>
`;
